hornbd@hadoop-gate-0:~$ 
hornbd@hadoop-gate-0:~$ hadoop fs -put -f mapper.py /user/$USER/mapper.py
hornbd@hadoop-gate-0:~$ hadoop fs -put -f reducer.py /user/$USER/reducer.py
hornbd@hadoop-gate-0:~$ hadoop fs -cat output/part-00000
cat: `output/part-00000': No such file or directory
hornbd@hadoop-gate-0:~$ hadoop jar /usr/hdp/2.6.3.0-235/hadoop-mapreduce/hadoop-streaming-2.7.3.2.6.3.0-235.jar -file mapper.py -mapper mapper.py -file reducer.py -reducer reducer.py -input /data/nyc/nyc-traffic.csv -output /user/$USER/output
18/04/02 16:30:07 WARN streaming.StreamJob: -file option is deprecated, please use generic option -files instead.
packageJobJar: [mapper.py, reducer.py] [/usr/hdp/2.6.3.0-235/hadoop-mapreduce/hadoop-streaming-2.7.3.2.6.3.0-235.jar] /tmp/streamjob967128608544033038.jar tmpDir=null
18/04/02 16:30:08 INFO client.RMProxy: Connecting to ResourceManager at hadoop2-0-0.cscloud.ceas.uc.edu/192.168.2.20:8050
18/04/02 16:30:08 INFO client.AHSProxy: Connecting to Application History server at hadoop2-0-0.cscloud.ceas.uc.edu/192.168.2.20:10200
18/04/02 16:30:08 INFO client.RMProxy: Connecting to ResourceManager at hadoop2-0-0.cscloud.ceas.uc.edu/192.168.2.20:8050
18/04/02 16:30:08 INFO client.AHSProxy: Connecting to Application History server at hadoop2-0-0.cscloud.ceas.uc.edu/192.168.2.20:10200
18/04/02 16:30:08 ERROR streaming.StreamJob: Error Launching job : Output directory hdfs://hadoop2-0-0.cscloud.ceas.uc.edu:8020/user/hornbd/output already exists
Streaming Command Failed!
hornbd@hadoop-gate-0:~$ hadoop fs -rmr output
rmr: DEPRECATED: Please use 'rm -r' instead.
18/04/02 16:31:17 INFO fs.TrashPolicyDefault: Moved: 'hdfs://hadoop2-0-0.cscloud.ceas.uc.edu:8020/user/hornbd/output' to trash at: hdfs://hadoop2-0-0.cscloud.ceas.uc.edu:8020/user/hornbd/.Trash/Current/user/hornbd/output1522701077193
hornbd@hadoop-gate-0:~$ hadoop jar /usr/hdp/2.6.3.0-235/hadoop-mapreduce/hadoop-streaming-2.7.3.2.6.3.0-235.jar -file mapper.py -mapper mapper.py -file reducer.py -reducer reducer.py -input /data/nyc/nyc-traffic.csv -output /user/$USER/output
18/04/02 16:31:20 WARN streaming.StreamJob: -file option is deprecated, please use generic option -files instead.
packageJobJar: [mapper.py, reducer.py] [/usr/hdp/2.6.3.0-235/hadoop-mapreduce/hadoop-streaming-2.7.3.2.6.3.0-235.jar] /tmp/streamjob2238521596560292967.jar tmpDir=null
18/04/02 16:31:21 INFO client.RMProxy: Connecting to ResourceManager at hadoop2-0-0.cscloud.ceas.uc.edu/192.168.2.20:8050
18/04/02 16:31:21 INFO client.AHSProxy: Connecting to Application History server at hadoop2-0-0.cscloud.ceas.uc.edu/192.168.2.20:10200
18/04/02 16:31:21 INFO client.RMProxy: Connecting to ResourceManager at hadoop2-0-0.cscloud.ceas.uc.edu/192.168.2.20:8050
18/04/02 16:31:21 INFO client.AHSProxy: Connecting to Application History server at hadoop2-0-0.cscloud.ceas.uc.edu/192.168.2.20:10200
18/04/02 16:31:22 INFO mapred.FileInputFormat: Total input paths to process : 1
18/04/02 16:31:22 INFO net.NetworkTopology: Adding a new node: /default-rack/192.168.2.19:50010
18/04/02 16:31:22 INFO net.NetworkTopology: Adding a new node: /24-core/192.168.2.24:50010
18/04/02 16:31:22 INFO net.NetworkTopology: Adding a new node: /24-core/192.168.2.25:50010
18/04/02 16:31:22 INFO net.NetworkTopology: Adding a new node: /16-core/192.168.2.22:50010
18/04/02 16:31:22 INFO mapreduce.JobSubmitter: number of splits:2
18/04/02 16:31:22 INFO mapreduce.JobSubmitter: Submitting tokens for job: job_1521804639914_0159
18/04/02 16:31:22 INFO impl.YarnClientImpl: Submitted application application_1521804639914_0159
18/04/02 16:31:22 INFO mapreduce.Job: The url to track the job: http://hadoop2-0-0.cscloud.ceas.uc.edu:8088/proxy/application_1521804639914_0159/
18/04/02 16:31:22 INFO mapreduce.Job: Running job: job_1521804639914_0159
18/04/02 16:31:29 INFO mapreduce.Job: Job job_1521804639914_0159 running in uber mode : false
18/04/02 16:31:29 INFO mapreduce.Job:  map 0% reduce 0%
18/04/02 16:31:41 INFO mapreduce.Job:  map 100% reduce 0%
18/04/02 16:31:52 INFO mapreduce.Job:  map 100% reduce 99%
18/04/02 16:31:53 INFO mapreduce.Job:  map 100% reduce 100%
18/04/02 16:31:53 INFO mapreduce.Job: Job job_1521804639914_0159 completed successfully
18/04/02 16:31:53 INFO mapreduce.Job: Counters: 49
	File System Counters
		FILE: Number of bytes read=40558930
		FILE: Number of bytes written=81577681
		FILE: Number of read operations=0
		FILE: Number of large read operations=0
		FILE: Number of write operations=0
		HDFS: Number of bytes read=176307514
		HDFS: Number of bytes written=314
		HDFS: Number of read operations=9
		HDFS: Number of large read operations=0
		HDFS: Number of write operations=2
	Job Counters 
		Launched map tasks=2
		Launched reduce tasks=1
		Other local map tasks=2
		Total time spent by all maps in occupied slots (ms)=33708
		Total time spent by all reduces in occupied slots (ms)=18582
		Total time spent by all map tasks (ms)=16854
		Total time spent by all reduce tasks (ms)=9291
		Total vcore-milliseconds taken by all map tasks=16854
		Total vcore-milliseconds taken by all reduce tasks=9291
		Total megabyte-milliseconds taken by all map tasks=25887744
		Total megabyte-milliseconds taken by all reduce tasks=19027968
	Map-Reduce Framework
		Map input records=924098
		Map output records=1808611
		Map output bytes=36941702
		Map output materialized bytes=40558936
		Input split bytes=240
		Combine input records=0
		Combine output records=0
		Reduce input groups=17
		Reduce shuffle bytes=40558936
		Reduce input records=1808611
		Reduce output records=17
		Spilled Records=3617222
		Shuffled Maps =2
		Failed Shuffles=0
		Merged Map outputs=2
		GC time elapsed (ms)=497
		CPU time spent (ms)=20830
		Physical memory (bytes) snapshot=2696904704
		Virtual memory (bytes) snapshot=10287525888
		Total committed heap usage (bytes)=2602565632
	Shuffle Errors
		BAD_ID=0
		CONNECTION=0
		IO_ERROR=0
		WRONG_LENGTH=0
		WRONG_MAP=0
		WRONG_REDUCE=0
	File Input Format Counters 
		Bytes Read=176307274
	File Output Format Counters 
		Bytes Written=314
18/04/02 16:31:53 INFO streaming.StreamJob: Output directory: /user/hornbd/output
hornbd@hadoop-gate-0:~$ hadoop fs -cat output/part-00000
AMBULANCE	3713
BICYCLE	24153
BUS	25871
FIRE TRUCK	1333
LARGE COM VEH(6 OR MORE TIRES)	27981
LIVERY VEHICLE	17775
MOTORCYCLE	10029
OTHER	51360
PASSENGER VEHICLE	1005161
PEDICAB	123
PICK-UP TRUCK	26281
SCOOTER	534
SMALL COM VEH(4 TIRES)	30048
SPORT UTILITY / STATION WAGON	363210
TAXI	63892
UNKNOWN	105481
VAN	51666
hornbd@hadoop-gate-0:~$ 